[
  {
    "last_modified": "0001-01-01T00:00:00Z",
    "type": "Config",
    "name": "Config1",
    "id": "1",
    "config": {
      "added": "a",
      "id": 1,
      "name": "Config1",
      "password": "p1",
      "secret": "secret_1"
    }
  },
  {
    "last_modified": "0001-01-01T00:00:00Z",
    "type": "Config",
    "name": "Config2",
    "id": "2",
    "config": {
      "added": "a",
      "id": 2,
      "name": "Config2",
      "password": "p2",
      "secret": "secret_2"
    }
  }
]
